                                 Started job on |	Sep 30 11:26:11
                             Started mapping on |	Sep 30 11:46:59
                                    Finished on |	Sep 30 12:08:16
       Mapping speed, Million of reads per hour |	71.43

                          Number of input reads |	25339298
                      Average input read length |	195
                                    UNIQUE READS:
                   Uniquely mapped reads number |	9849516
                        Uniquely mapped reads % |	38.87%
                          Average mapped length |	181.51
                       Number of splices: Total |	6206521
            Number of splices: Annotated (sjdb) |	6163319
                       Number of splices: GT/AG |	6138588
                       Number of splices: GC/AG |	37365
                       Number of splices: AT/AC |	2280
               Number of splices: Non-canonical |	28288
                      Mismatch rate per base, % |	4.24%
                         Deletion rate per base |	0.04%
                        Deletion average length |	2.18
                        Insertion rate per base |	0.03%
                       Insertion average length |	1.71
                             MULTI-MAPPING READS:
        Number of reads mapped to multiple loci |	503611
             % of reads mapped to multiple loci |	1.99%
        Number of reads mapped to too many loci |	2045
             % of reads mapped to too many loci |	0.01%
                                  UNMAPPED READS:
  Number of reads unmapped: too many mismatches |	0
       % of reads unmapped: too many mismatches |	0.00%
            Number of reads unmapped: too short |	14866317
                 % of reads unmapped: too short |	58.67%
                Number of reads unmapped: other |	117809
                     % of reads unmapped: other |	0.46%
                                  CHIMERIC READS:
                       Number of chimeric reads |	0
                            % of chimeric reads |	0.00%
