                                 Started job on |	Sep 30 11:26:08
                             Started mapping on |	Sep 30 11:45:07
                                    Finished on |	Sep 30 12:04:36
       Mapping speed, Million of reads per hour |	72.93

                          Number of input reads |	23682146
                      Average input read length |	195
                                    UNIQUE READS:
                   Uniquely mapped reads number |	9463693
                        Uniquely mapped reads % |	39.96%
                          Average mapped length |	181.58
                       Number of splices: Total |	5966107
            Number of splices: Annotated (sjdb) |	5924946
                       Number of splices: GT/AG |	5905874
                       Number of splices: GC/AG |	30405
                       Number of splices: AT/AC |	2180
               Number of splices: Non-canonical |	27648
                      Mismatch rate per base, % |	4.24%
                         Deletion rate per base |	0.04%
                        Deletion average length |	2.18
                        Insertion rate per base |	0.03%
                       Insertion average length |	1.71
                             MULTI-MAPPING READS:
        Number of reads mapped to multiple loci |	475887
             % of reads mapped to multiple loci |	2.01%
        Number of reads mapped to too many loci |	1893
             % of reads mapped to too many loci |	0.01%
                                  UNMAPPED READS:
  Number of reads unmapped: too many mismatches |	0
       % of reads unmapped: too many mismatches |	0.00%
            Number of reads unmapped: too short |	13627142
                 % of reads unmapped: too short |	57.54%
                Number of reads unmapped: other |	113531
                     % of reads unmapped: other |	0.48%
                                  CHIMERIC READS:
                       Number of chimeric reads |	0
                            % of chimeric reads |	0.00%
