                                 Started job on |	Sep 30 11:26:12
                             Started mapping on |	Sep 30 11:45:45
                                    Finished on |	Sep 30 12:05:37
       Mapping speed, Million of reads per hour |	76.57

                          Number of input reads |	25352493
                      Average input read length |	192
                                    UNIQUE READS:
                   Uniquely mapped reads number |	10662409
                        Uniquely mapped reads % |	42.06%
                          Average mapped length |	179.89
                       Number of splices: Total |	6693801
            Number of splices: Annotated (sjdb) |	6650909
                       Number of splices: GT/AG |	6629531
                       Number of splices: GC/AG |	31347
                       Number of splices: AT/AC |	3856
               Number of splices: Non-canonical |	29067
                      Mismatch rate per base, % |	4.18%
                         Deletion rate per base |	0.04%
                        Deletion average length |	2.09
                        Insertion rate per base |	0.03%
                       Insertion average length |	1.68
                             MULTI-MAPPING READS:
        Number of reads mapped to multiple loci |	520835
             % of reads mapped to multiple loci |	2.05%
        Number of reads mapped to too many loci |	2071
             % of reads mapped to too many loci |	0.01%
                                  UNMAPPED READS:
  Number of reads unmapped: too many mismatches |	0
       % of reads unmapped: too many mismatches |	0.00%
            Number of reads unmapped: too short |	14086556
                 % of reads unmapped: too short |	55.56%
                Number of reads unmapped: other |	80622
                     % of reads unmapped: other |	0.32%
                                  CHIMERIC READS:
                       Number of chimeric reads |	0
                            % of chimeric reads |	0.00%
