R version 4.4.2 (2024-10-31)
Platform: x86_64-conda-linux-gnu
Running under: Ubuntu 24.04.4 LTS

Matrix products: default
BLAS/LAPACK: /dados04/jorge/rnaseq_diatraea/rnaseq/work/conda/env-c76b91deebffc80eecc79fd66951bcb7/lib/libopenblasp-r0.3.34.so;  LAPACK version 3.12.0

locale:
 [1] LC_CTYPE=en_US.UTF-8       LC_NUMERIC=C              
 [3] LC_TIME=en_US.UTF-8        LC_COLLATE=en_US.UTF-8    
 [5] LC_MONETARY=en_US.UTF-8    LC_MESSAGES=en_US.UTF-8   
 [7] LC_PAPER=en_US.UTF-8       LC_NAME=C                 
 [9] LC_ADDRESS=C               LC_TELEPHONE=C            
[11] LC_MEASUREMENT=en_US.UTF-8 LC_IDENTIFICATION=C       

time zone: America/Sao_Paulo
tzcode source: system (glibc)

attached base packages:
[1] stats4    stats     graphics  grDevices utils     datasets  methods  
[8] base     

other attached packages:
 [1] pheatmap_1.0.12             RColorBrewer_1.1-3         
 [3] ggplot2_3.5.1               DESeq2_1.46.0              
 [5] SummarizedExperiment_1.36.0 Biobase_2.66.0             
 [7] MatrixGenerics_1.18.0       matrixStats_1.5.0          
 [9] GenomicRanges_1.58.0        GenomeInfoDb_1.42.0        
[11] IRanges_2.40.0              S4Vectors_0.44.0           
[13] BiocGenerics_0.52.0         optparse_1.7.5             

loaded via a namespace (and not attached):
 [1] SparseArray_1.6.0       lattice_0.23-1          magrittr_2.0.5         
 [4] grid_4.4.2              jsonlite_2.0.0          Matrix_1.7-6           
 [7] httr_1.4.9              UCSC.utils_1.2.0        scales_1.4.0           
[10] codetools_0.2-20        getopt_1.21.1           abind_1.4-8            
[13] cli_3.6.6               rlang_1.3.0             crayon_1.5.3           
[16] XVector_0.46.0          withr_3.0.3             DelayedArray_0.32.0    
[19] S4Arrays_1.6.0          tools_4.4.2             parallel_4.4.2         
[22] BiocParallel_1.40.0     colorspace_2.1-3        locfit_1.5-9.12        
[25] GenomeInfoDbData_1.2.13 vctrs_0.7.3             R6_2.6.1               
[28] lifecycle_1.0.5         zlibbioc_1.52.0         pkgconfig_2.0.3        
[31] pillar_1.11.1           gtable_0.3.6            glue_1.8.1             
[34] Rcpp_1.1.2              tibble_3.3.1            farver_2.1.2           
[37] labeling_0.4.3          compiler_4.4.2         
