R version 4.0.3 (2020-10-10)
Platform: x86_64-conda-linux-gnu (64-bit)
Running under: Ubuntu 24.04.2 LTS

Matrix products: default
BLAS/LAPACK: /home/diegoj/rnaseq_diatraea/rnaseq/work/conda/env-2c54ebac3968da58-fb36925336cf6e0bc28c6f90c8eefc9b/lib/libopenblasp-r0.3.10.so

locale:
 [1] LC_CTYPE=pt_BR.UTF-8       LC_NUMERIC=C              
 [3] LC_TIME=pt_BR.UTF-8        LC_COLLATE=pt_BR.UTF-8    
 [5] LC_MONETARY=pt_BR.UTF-8    LC_MESSAGES=pt_BR.UTF-8   
 [7] LC_PAPER=pt_BR.UTF-8       LC_NAME=C                 
 [9] LC_ADDRESS=C               LC_TELEPHONE=C            
[11] LC_MEASUREMENT=pt_BR.UTF-8 LC_IDENTIFICATION=C       

attached base packages:
[1] parallel  stats4    stats     graphics  grDevices utils     datasets 
[8] methods   base     

other attached packages:
 [1] pheatmap_1.0.12             RColorBrewer_1.1-2         
 [3] ggplot2_3.3.2               DESeq2_1.28.0              
 [5] SummarizedExperiment_1.18.1 DelayedArray_0.14.0        
 [7] matrixStats_0.62.0          Biobase_2.48.0             
 [9] GenomicRanges_1.40.0        GenomeInfoDb_1.24.0        
[11] IRanges_2.22.1              S4Vectors_0.26.0           
[13] BiocGenerics_0.34.0         optparse_1.6.6             

loaded via a namespace (and not attached):
 [1] genefilter_1.70.0      locfit_1.5-9.4         splines_4.0.3         
 [4] lattice_0.20-45        colorspace_2.0-3       vctrs_0.4.1           
 [7] getopt_1.20.3          utf8_1.2.2             blob_1.2.3            
[10] survival_3.4-0         XML_3.99-0.9           rlang_1.0.6           
[13] pillar_1.8.1           withr_2.5.0            glue_1.6.2            
[16] DBI_1.1.3              BiocParallel_1.22.0    bit64_4.0.5           
[19] GenomeInfoDbData_1.2.4 lifecycle_1.0.2        zlibbioc_1.34.0       
[22] munsell_0.5.0          gtable_0.3.1           memoise_2.0.1         
[25] labeling_0.4.2         geneplotter_1.66.0     fastmap_1.1.0         
[28] AnnotationDbi_1.50.0   fansi_1.0.3            Rcpp_1.0.9            
[31] xtable_1.8-4           scales_1.2.1           cachem_1.0.6          
[34] annotate_1.66.0        XVector_0.28.0         farver_2.1.1          
[37] bit_4.0.4              digest_0.6.29          grid_4.0.3            
[40] cli_3.4.1              tools_4.0.3            bitops_1.0-7          
[43] magrittr_2.0.3         RCurl_1.98-1.3         RSQLite_2.2.8         
[46] tibble_3.1.8           pkgconfig_2.0.3        Matrix_1.4-1          
[49] R6_2.5.1               compiler_4.0.3        
