                                 Started job on |	Sep 29 15:07:15
                             Started mapping on |	Sep 29 15:16:50
                                    Finished on |	Sep 29 15:27:21
       Mapping speed, Million of reads per hour |	144.57

                          Number of input reads |	25339298
                      Average input read length |	195
                                    UNIQUE READS:
                   Uniquely mapped reads number |	17413287
                        Uniquely mapped reads % |	68.72%
                          Average mapped length |	152.96
                       Number of splices: Total |	7782281
            Number of splices: Annotated (sjdb) |	7706054
                       Number of splices: GT/AG |	7674867
                       Number of splices: GC/AG |	52974
                       Number of splices: AT/AC |	3763
               Number of splices: Non-canonical |	50677
                      Mismatch rate per base, % |	5.39%
                         Deletion rate per base |	0.05%
                        Deletion average length |	2.46
                        Insertion rate per base |	0.04%
                       Insertion average length |	2.10
                             MULTI-MAPPING READS:
        Number of reads mapped to multiple loci |	1839015
             % of reads mapped to multiple loci |	7.26%
        Number of reads mapped to too many loci |	14585
             % of reads mapped to too many loci |	0.06%
                                  UNMAPPED READS:
  Number of reads unmapped: too many mismatches |	0
       % of reads unmapped: too many mismatches |	0.00%
            Number of reads unmapped: too short |	5009539
                 % of reads unmapped: too short |	19.77%
                Number of reads unmapped: other |	1062872
                     % of reads unmapped: other |	4.19%
                                  CHIMERIC READS:
                       Number of chimeric reads |	0
                            % of chimeric reads |	0.00%
