                                 Started job on |	Sep 29 15:27:24
                             Started mapping on |	Sep 29 15:31:45
                                    Finished on |	Sep 29 15:36:13
       Mapping speed, Million of reads per hour |	159.05

                          Number of input reads |	11840521
                      Average input read length |	193
                                    UNIQUE READS:
                   Uniquely mapped reads number |	8593053
                        Uniquely mapped reads % |	72.57%
                          Average mapped length |	153.18
                       Number of splices: Total |	3865674
            Number of splices: Annotated (sjdb) |	3829513
                       Number of splices: GT/AG |	3816350
                       Number of splices: GC/AG |	23916
                       Number of splices: AT/AC |	907
               Number of splices: Non-canonical |	24501
                      Mismatch rate per base, % |	5.38%
                         Deletion rate per base |	0.04%
                        Deletion average length |	2.43
                        Insertion rate per base |	0.03%
                       Insertion average length |	2.08
                             MULTI-MAPPING READS:
        Number of reads mapped to multiple loci |	881788
             % of reads mapped to multiple loci |	7.45%
        Number of reads mapped to too many loci |	7100
             % of reads mapped to too many loci |	0.06%
                                  UNMAPPED READS:
  Number of reads unmapped: too many mismatches |	0
       % of reads unmapped: too many mismatches |	0.00%
            Number of reads unmapped: too short |	2286167
                 % of reads unmapped: too short |	19.31%
                Number of reads unmapped: other |	72413
                     % of reads unmapped: other |	0.61%
                                  CHIMERIC READS:
                       Number of chimeric reads |	0
                            % of chimeric reads |	0.00%
