                                 Started job on |	Sep 29 16:13:01
                             Started mapping on |	Sep 29 16:21:43
                                    Finished on |	Sep 29 16:30:49
       Mapping speed, Million of reads per hour |	167.16

                          Number of input reads |	25352493
                      Average input read length |	192
                                    UNIQUE READS:
                   Uniquely mapped reads number |	18464127
                        Uniquely mapped reads % |	72.83%
                          Average mapped length |	152.02
                       Number of splices: Total |	8315916
            Number of splices: Annotated (sjdb) |	8244836
                       Number of splices: GT/AG |	8213857
                       Number of splices: GC/AG |	50355
                       Number of splices: AT/AC |	5406
               Number of splices: Non-canonical |	46298
                      Mismatch rate per base, % |	5.31%
                         Deletion rate per base |	0.04%
                        Deletion average length |	2.33
                        Insertion rate per base |	0.03%
                       Insertion average length |	1.99
                             MULTI-MAPPING READS:
        Number of reads mapped to multiple loci |	1972264
             % of reads mapped to multiple loci |	7.78%
        Number of reads mapped to too many loci |	9204
             % of reads mapped to too many loci |	0.04%
                                  UNMAPPED READS:
  Number of reads unmapped: too many mismatches |	0
       % of reads unmapped: too many mismatches |	0.00%
            Number of reads unmapped: too short |	4831576
                 % of reads unmapped: too short |	19.06%
                Number of reads unmapped: other |	75322
                     % of reads unmapped: other |	0.30%
                                  CHIMERIC READS:
                       Number of chimeric reads |	0
                            % of chimeric reads |	0.00%
